// Vitest Snapshot v1, https://vitest.dev/guide/snapshot.html

exports[`DOCX golden snapshots > stabilni rezultati svih fixtura 1`] = `
{
  "fer-diplomski-prazni-odlomci.docx": {
    "checks": [
      {
        "category": "formatting",
        "detail": "Times New Roman (100% analiziranog teksta)",
        "earned": 8,
        "max": 8,
        "status": "pass",
        "title": "Dominantni font",
      },
      {
        "category": "formatting",
        "detail": "12 pt",
        "earned": 6,
        "max": 6,
        "status": "pass",
        "title": "Veličina osnovnog teksta",
      },
      {
        "category": "formatting",
        "detail": "1.50",
        "earned": 1,
        "max": 6,
        "status": "fail",
        "title": "Prored osnovnog teksta",
      },
      {
        "category": "formatting",
        "detail": "1. sekcija: left 2.50 cm",
        "earned": 4.5,
        "max": 6,
        "status": "warn",
        "title": "Margine dokumenta",
      },
      {
        "category": "formatting",
        "detail": "both",
        "earned": 4,
        "max": 4,
        "status": "pass",
        "title": "Poravnanje osnovnog teksta",
      },
      {
        "category": "formatting",
        "detail": "Sve očitane sekcije koriste A4 ili veličina nije eksplicitno zapisana",
        "earned": 3,
        "max": 3,
        "status": "pass",
        "title": "Format stranice A4",
      },
      {
        "category": "structure",
        "detail": "6 naslova prepoznato",
        "earned": 6,
        "max": 6,
        "status": "pass",
        "title": "Hijerarhija naslova",
      },
      {
        "category": "structure",
        "detail": "Informativno: ne ulazi u službenu ocjenu. Sadržaj ili TOC polje je pronađeno",
        "earned": 0,
        "max": 0,
        "status": "pass",
        "title": "Sadržaj dokumenta",
      },
      {
        "category": "structure",
        "detail": "PAGE polje nije pronađeno",
        "earned": 0,
        "max": 4,
        "status": "pass",
        "title": "Brojevi stranica",
      },
      {
        "category": "structure",
        "detail": "Uvod, zaključak i literatura su prepoznati",
        "earned": 6,
        "max": 6,
        "status": "pass",
        "title": "Osnovni dijelovi rada",
      },
      {
        "category": "structure",
        "detail": "Nisu pronađeni očiti ručno oblikovani naslovi",
        "earned": 4,
        "max": 4,
        "status": "pass",
        "title": "Uporaba Word stilova naslova",
      },
      {
        "category": "citations",
        "detail": "FPZG autor-godina: ručna završna provjera potrebna",
        "earned": 3,
        "max": 3,
        "status": "warn",
        "title": "Automatizacija citatnog stila",
      },
      {
        "category": "citations",
        "detail": "Nisu pronađeni očito nepotpuni zapisi",
        "earned": 5,
        "max": 5,
        "status": "pass",
        "title": "Potpunost bibliografskih zapisa",
      },
      {
        "category": "citations",
        "detail": "Odabrani profil ne zahtijeva datum pristupa za svaki URL",
        "earned": 5,
        "max": 5,
        "status": "pass",
        "title": "Datumi pristupa mrežnim izvorima",
      },
      {
        "category": "elements",
        "detail": "0 tablica · 0 prepoznatih naslova",
        "earned": 5,
        "max": 5,
        "status": "pass",
        "title": "Naslovi tablica",
      },
      {
        "category": "elements",
        "detail": "0 grafičkih elemenata · 0 prepoznatih naslova",
        "earned": 5,
        "max": 5,
        "status": "pass",
        "title": "Naslovi slika i grafikona",
      },
      {
        "category": "elements",
        "detail": "Nisu pronađene očito neispravne poveznice",
        "earned": 3,
        "max": 3,
        "status": "pass",
        "title": "Oblik poveznica",
      },
      {
        "category": "elements",
        "detail": "Informativno: ne ulazi u službenu ocjenu. 12 praznih odlomaka (7%)",
        "earned": 0,
        "max": 0,
        "status": "pass",
        "title": "Prazni odlomci",
      },
      {
        "category": "typography",
        "detail": "Informativno: ne ulazi u službenu ocjenu. 0 nalaza, 0 sigurnih, 0 traže potvrdu",
        "earned": 0,
        "max": 0,
        "status": "pass",
        "title": "Tehničko-tipografska dosljednost",
      },
    ],
    "issues": [
      {
        "category": "structure",
        "detail": null,
        "severity": "info",
        "title": "Službene tehničke provjere",
        "where": "Odabrani profil",
      },
      {
        "category": "formatting",
        "detail": "1. sekcija: left 2.50 cm",
        "severity": "warning",
        "title": "Margine nisu jednake očekivanim postavkama",
        "where": "Postavke stranice",
      },
      {
        "category": "citations",
        "detail": "Za stil FPZG autor-godina citatnice i literaturu treba dodatno ručno pregledati.",
        "severity": "info",
        "title": "Odabrani citatni stil nije u potpunosti automatiziran",
        "where": "Citatni profil",
      },
      {
        "category": "formatting",
        "detail": "Dominantni prored je 1.50, a očekuje se 1.2.",
        "severity": "error",
        "title": "Prored nije usklađen s profilom",
        "where": "",
      },
      {
        "category": "structure",
        "detail": "Provjeri zaglavlja i podnožja te umetni Word PAGE polje.",
        "severity": "error",
        "title": "Nisu pronađeni automatski brojevi stranica",
        "where": "",
      },
    ],
    "profile": "Fakultet elektrotehnike i racunarstva, diplomski rad",
    "profileFingerprint": null,
    "profileStatus": "partial",
    "score": 87,
    "stats": {
      "characters": 60011,
      "citations": 0,
      "dominantFont": "Times New Roman",
      "dominantFootnoteFont": null,
      "dominantFootnoteSize": null,
      "dominantFootnoteSpacing": null,
      "dominantSize": "12",
      "dominantSpacing": "1.5",
      "footnoteMarkers": 0,
      "footnoteWords": 0,
      "footnotes": 0,
      "headings": 6,
      "images": 0,
      "officialChars": null,
      "officialWords": null,
      "paragraphs": 172,
      "references": 1,
      "sections": 1,
      "storedPages": null,
      "tables": 0,
      "tocEntries": 0,
      "words": 9090,
    },
  },
  "fer-diplomski-uskladjen.docx": {
    "checks": [
      {
        "category": "formatting",
        "detail": "Times New Roman (100% analiziranog teksta)",
        "earned": 8,
        "max": 8,
        "status": "pass",
        "title": "Dominantni font",
      },
      {
        "category": "formatting",
        "detail": "12 pt",
        "earned": 6,
        "max": 6,
        "status": "pass",
        "title": "Veličina osnovnog teksta",
      },
      {
        "category": "formatting",
        "detail": "1.50",
        "earned": 1,
        "max": 6,
        "status": "fail",
        "title": "Prored osnovnog teksta",
      },
      {
        "category": "formatting",
        "detail": "1. sekcija: left 2.50 cm",
        "earned": 4.5,
        "max": 6,
        "status": "warn",
        "title": "Margine dokumenta",
      },
      {
        "category": "formatting",
        "detail": "both",
        "earned": 4,
        "max": 4,
        "status": "pass",
        "title": "Poravnanje osnovnog teksta",
      },
      {
        "category": "formatting",
        "detail": "Sve očitane sekcije koriste A4 ili veličina nije eksplicitno zapisana",
        "earned": 3,
        "max": 3,
        "status": "pass",
        "title": "Format stranice A4",
      },
      {
        "category": "structure",
        "detail": "6 naslova prepoznato",
        "earned": 6,
        "max": 6,
        "status": "pass",
        "title": "Hijerarhija naslova",
      },
      {
        "category": "structure",
        "detail": "Informativno: ne ulazi u službenu ocjenu. Sadržaj ili TOC polje je pronađeno",
        "earned": 0,
        "max": 0,
        "status": "pass",
        "title": "Sadržaj dokumenta",
      },
      {
        "category": "structure",
        "detail": "PAGE polje nije pronađeno",
        "earned": 0,
        "max": 4,
        "status": "pass",
        "title": "Brojevi stranica",
      },
      {
        "category": "structure",
        "detail": "Uvod, zaključak i literatura su prepoznati",
        "earned": 6,
        "max": 6,
        "status": "pass",
        "title": "Osnovni dijelovi rada",
      },
      {
        "category": "structure",
        "detail": "Nisu pronađeni očiti ručno oblikovani naslovi",
        "earned": 4,
        "max": 4,
        "status": "pass",
        "title": "Uporaba Word stilova naslova",
      },
      {
        "category": "citations",
        "detail": "FPZG autor-godina: ručna završna provjera potrebna",
        "earned": 3,
        "max": 3,
        "status": "warn",
        "title": "Automatizacija citatnog stila",
      },
      {
        "category": "citations",
        "detail": "Nisu pronađeni očito nepotpuni zapisi",
        "earned": 5,
        "max": 5,
        "status": "pass",
        "title": "Potpunost bibliografskih zapisa",
      },
      {
        "category": "citations",
        "detail": "Odabrani profil ne zahtijeva datum pristupa za svaki URL",
        "earned": 5,
        "max": 5,
        "status": "pass",
        "title": "Datumi pristupa mrežnim izvorima",
      },
      {
        "category": "elements",
        "detail": "0 tablica · 0 prepoznatih naslova",
        "earned": 5,
        "max": 5,
        "status": "pass",
        "title": "Naslovi tablica",
      },
      {
        "category": "elements",
        "detail": "0 grafičkih elemenata · 0 prepoznatih naslova",
        "earned": 5,
        "max": 5,
        "status": "pass",
        "title": "Naslovi slika i grafikona",
      },
      {
        "category": "elements",
        "detail": "Nisu pronađene očito neispravne poveznice",
        "earned": 3,
        "max": 3,
        "status": "pass",
        "title": "Oblik poveznica",
      },
      {
        "category": "elements",
        "detail": "Informativno: ne ulazi u službenu ocjenu. 0 praznih odlomaka (0%)",
        "earned": 0,
        "max": 0,
        "status": "pass",
        "title": "Prazni odlomci",
      },
      {
        "category": "typography",
        "detail": "Informativno: ne ulazi u službenu ocjenu. 0 nalaza, 0 sigurnih, 0 traže potvrdu",
        "earned": 0,
        "max": 0,
        "status": "pass",
        "title": "Tehničko-tipografska dosljednost",
      },
    ],
    "issues": [
      {
        "category": "structure",
        "detail": null,
        "severity": "info",
        "title": "Službene tehničke provjere",
        "where": "Odabrani profil",
      },
      {
        "category": "formatting",
        "detail": "1. sekcija: left 2.50 cm",
        "severity": "warning",
        "title": "Margine nisu jednake očekivanim postavkama",
        "where": "Postavke stranice",
      },
      {
        "category": "citations",
        "detail": "Za stil FPZG autor-godina citatnice i literaturu treba dodatno ručno pregledati.",
        "severity": "info",
        "title": "Odabrani citatni stil nije u potpunosti automatiziran",
        "where": "Citatni profil",
      },
      {
        "category": "formatting",
        "detail": "Dominantni prored je 1.50, a očekuje se 1.2.",
        "severity": "error",
        "title": "Prored nije usklađen s profilom",
        "where": "",
      },
      {
        "category": "structure",
        "detail": "Provjeri zaglavlja i podnožja te umetni Word PAGE polje.",
        "severity": "error",
        "title": "Nisu pronađeni automatski brojevi stranica",
        "where": "",
      },
    ],
    "profile": "Fakultet elektrotehnike i racunarstva, diplomski rad",
    "profileFingerprint": null,
    "profileStatus": "partial",
    "score": 87,
    "stats": {
      "characters": 59999,
      "citations": 0,
      "dominantFont": "Times New Roman",
      "dominantFootnoteFont": null,
      "dominantFootnoteSize": null,
      "dominantFootnoteSpacing": null,
      "dominantSize": "12",
      "dominantSpacing": "1.5",
      "footnoteMarkers": 0,
      "footnoteWords": 0,
      "footnotes": 0,
      "headings": 6,
      "images": 0,
      "officialChars": null,
      "officialWords": null,
      "paragraphs": 160,
      "references": 1,
      "sections": 1,
      "storedPages": null,
      "tables": 0,
      "tocEntries": 0,
      "words": 9090,
    },
  },
  "ffzg-filozofija-diplomski.docx": {
    "checks": [
      {
        "category": "formatting",
        "detail": "Times New Roman (100% analiziranog teksta)",
        "earned": 8,
        "max": 8,
        "status": "pass",
        "title": "Dominantni font",
      },
      {
        "category": "formatting",
        "detail": "12 pt",
        "earned": 6,
        "max": 6,
        "status": "pass",
        "title": "Veličina osnovnog teksta",
      },
      {
        "category": "formatting",
        "detail": "1.50",
        "earned": 6,
        "max": 6,
        "status": "pass",
        "title": "Prored osnovnog teksta",
      },
      {
        "category": "formatting",
        "detail": "Sve 1 sekcije približno odgovaraju profilu",
        "earned": 6,
        "max": 6,
        "status": "pass",
        "title": "Margine dokumenta",
      },
      {
        "category": "formatting",
        "detail": "both",
        "earned": 4,
        "max": 4,
        "status": "pass",
        "title": "Poravnanje osnovnog teksta",
      },
      {
        "category": "structure",
        "detail": "6 naslova prepoznato",
        "earned": 6,
        "max": 6,
        "status": "pass",
        "title": "Hijerarhija naslova",
      },
      {
        "category": "structure",
        "detail": "Sadržaj ili TOC polje je pronađeno",
        "earned": 5,
        "max": 5,
        "status": "pass",
        "title": "Sadržaj dokumenta",
      },
      {
        "category": "structure",
        "detail": "PAGE polje nije pronađeno",
        "earned": 0,
        "max": 4,
        "status": "pass",
        "title": "Brojevi stranica",
      },
      {
        "category": "structure",
        "detail": "Uvod, zaključak i literatura su prepoznati",
        "earned": 6,
        "max": 6,
        "status": "pass",
        "title": "Osnovni dijelovi rada",
      },
      {
        "category": "structure",
        "detail": "Nije prepoznato: Naslovna stranica",
        "earned": 6,
        "max": 7,
        "status": "warn",
        "title": "Dijelovi verificiranog profila",
      },
      {
        "category": "structure",
        "detail": "Nisu pronađeni očiti ručno oblikovani naslovi",
        "earned": 4,
        "max": 4,
        "status": "pass",
        "title": "Uporaba Word stilova naslova",
      },
      {
        "category": "citations",
        "detail": "FPZG autor-godina: ručna završna provjera potrebna",
        "earned": 3,
        "max": 3,
        "status": "warn",
        "title": "Automatizacija citatnog stila",
      },
      {
        "category": "citations",
        "detail": "Nisu pronađeni očito nepotpuni zapisi",
        "earned": 5,
        "max": 5,
        "status": "pass",
        "title": "Potpunost bibliografskih zapisa",
      },
      {
        "category": "citations",
        "detail": "Odabrani profil ne zahtijeva datum pristupa za svaki URL",
        "earned": 5,
        "max": 5,
        "status": "pass",
        "title": "Datumi pristupa mrežnim izvorima",
      },
      {
        "category": "elements",
        "detail": "0 tablica · 0 prepoznatih naslova",
        "earned": 5,
        "max": 5,
        "status": "pass",
        "title": "Naslovi tablica",
      },
      {
        "category": "elements",
        "detail": "0 grafičkih elemenata · 0 prepoznatih naslova",
        "earned": 5,
        "max": 5,
        "status": "pass",
        "title": "Naslovi slika i grafikona",
      },
      {
        "category": "elements",
        "detail": "Nisu pronađene očito neispravne poveznice",
        "earned": 3,
        "max": 3,
        "status": "pass",
        "title": "Oblik poveznica",
      },
      {
        "category": "elements",
        "detail": "Informativno: ne ulazi u službenu ocjenu. 0 praznih odlomaka (0%)",
        "earned": 0,
        "max": 0,
        "status": "pass",
        "title": "Prazni odlomci",
      },
      {
        "category": "typography",
        "detail": "Informativno: ne ulazi u službenu ocjenu. 0 nalaza, 0 sigurnih, 0 traže potvrdu",
        "earned": 0,
        "max": 0,
        "status": "pass",
        "title": "Tehničko-tipografska dosljednost",
      },
    ],
    "issues": [
      {
        "category": "structure",
        "detail": null,
        "severity": "info",
        "title": "Službene tehničke provjere",
        "where": "Odabrani profil",
      },
      {
        "category": "citations",
        "detail": "Za stil FPZG autor-godina citatnice i literaturu treba dodatno ručno pregledati.",
        "severity": "info",
        "title": "Odabrani citatni stil nije u potpunosti automatiziran",
        "where": "Citatni profil",
      },
      {
        "category": "structure",
        "detail": "Provjeri zaglavlja i podnožja te umetni Word PAGE polje.",
        "severity": "error",
        "title": "Nisu pronađeni automatski brojevi stranica",
        "where": "",
      },
      {
        "category": "structure",
        "detail": "Naslovna stranica",
        "severity": "warning",
        "title": "Nedostaju mogući obvezni dijelovi verificiranog profila",
        "where": "Struktura rada",
      },
    ],
    "profile": "Filozofski fakultet (Odsjek za filozofiju), diplomski rad",
    "profileFingerprint": null,
    "profileStatus": "partial",
    "score": 94,
    "stats": {
      "characters": 66335,
      "citations": 0,
      "dominantFont": "Times New Roman",
      "dominantFootnoteFont": null,
      "dominantFootnoteSize": null,
      "dominantFootnoteSpacing": null,
      "dominantSize": "12",
      "dominantSpacing": "1.5",
      "footnoteMarkers": 0,
      "footnoteWords": 0,
      "footnotes": 0,
      "headings": 6,
      "images": 0,
      "officialChars": null,
      "officialWords": null,
      "paragraphs": 176,
      "references": 1,
      "sections": 1,
      "storedPages": null,
      "tables": 0,
      "tocEntries": 0,
      "words": 10050,
    },
  },
  "grf-diplomski-neuskladjen.docx": {
    "checks": [
      {
        "category": "formatting",
        "detail": "Calibri (100% analiziranog teksta)",
        "earned": 1,
        "max": 8,
        "status": "fail",
        "title": "Dominantni font",
      },
      {
        "category": "formatting",
        "detail": "14 pt",
        "earned": 1,
        "max": 6,
        "status": "fail",
        "title": "Veličina osnovnog teksta",
      },
      {
        "category": "formatting",
        "detail": "Prored nije eksplicitno zapisan",
        "earned": 6,
        "max": 6,
        "status": "pass",
        "title": "Prored osnovnog teksta",
      },
      {
        "category": "formatting",
        "detail": "1. sekcija: top 4.00 cm · 1. sekcija: right 4.00 cm · 1. sekcija: bottom 4.00 cm · 1. sekcija: left 4.00 cm",
        "earned": 0,
        "max": 6,
        "status": "fail",
        "title": "Margine dokumenta",
      },
      {
        "category": "formatting",
        "detail": "left",
        "earned": 4,
        "max": 4,
        "status": "pass",
        "title": "Poravnanje osnovnog teksta",
      },
      {
        "category": "formatting",
        "detail": "1 sekcija odstupa od A4",
        "earned": 1,
        "max": 3,
        "status": "warn",
        "title": "Format stranice A4",
      },
      {
        "category": "structure",
        "detail": "0 naslova prepoznato",
        "earned": 6,
        "max": 6,
        "status": "pass",
        "title": "Hijerarhija naslova",
      },
      {
        "category": "structure",
        "detail": "Sadržaj nije pronađen",
        "earned": 0,
        "max": 5,
        "status": "pass",
        "title": "Sadržaj dokumenta",
      },
      {
        "category": "structure",
        "detail": "PAGE polje nije pronađeno",
        "earned": 0,
        "max": 4,
        "status": "pass",
        "title": "Brojevi stranica",
      },
      {
        "category": "structure",
        "detail": "Nije prepoznato: intro, conclusion, refs",
        "earned": 1,
        "max": 6,
        "status": "warn",
        "title": "Osnovni dijelovi rada",
      },
      {
        "category": "structure",
        "detail": "Nisu pronađeni očiti ručno oblikovani naslovi",
        "earned": 4,
        "max": 4,
        "status": "pass",
        "title": "Uporaba Word stilova naslova",
      },
      {
        "category": "citations",
        "detail": "FPZG autor-godina: ručna završna provjera potrebna",
        "earned": 3,
        "max": 3,
        "status": "warn",
        "title": "Automatizacija citatnog stila",
      },
      {
        "category": "citations",
        "detail": "Nisu pronađeni očito nepotpuni zapisi",
        "earned": 5,
        "max": 5,
        "status": "pass",
        "title": "Potpunost bibliografskih zapisa",
      },
      {
        "category": "citations",
        "detail": "Odabrani profil ne zahtijeva datum pristupa za svaki URL",
        "earned": 5,
        "max": 5,
        "status": "pass",
        "title": "Datumi pristupa mrežnim izvorima",
      },
      {
        "category": "elements",
        "detail": "0 tablica · 0 prepoznatih naslova",
        "earned": 5,
        "max": 5,
        "status": "pass",
        "title": "Naslovi tablica",
      },
      {
        "category": "elements",
        "detail": "0 grafičkih elemenata · 0 prepoznatih naslova",
        "earned": 5,
        "max": 5,
        "status": "pass",
        "title": "Naslovi slika i grafikona",
      },
      {
        "category": "elements",
        "detail": "Nisu pronađene očito neispravne poveznice",
        "earned": 3,
        "max": 3,
        "status": "pass",
        "title": "Oblik poveznica",
      },
      {
        "category": "elements",
        "detail": "Informativno: ne ulazi u službenu ocjenu. 0 praznih odlomaka (0%)",
        "earned": 0,
        "max": 0,
        "status": "pass",
        "title": "Prazni odlomci",
      },
      {
        "category": "typography",
        "detail": "Informativno: ne ulazi u službenu ocjenu. 0 nalaza, 0 sigurnih, 0 traže potvrdu",
        "earned": 0,
        "max": 0,
        "status": "pass",
        "title": "Tehničko-tipografska dosljednost",
      },
    ],
    "issues": [
      {
        "category": "structure",
        "detail": null,
        "severity": "info",
        "title": "Službene tehničke provjere",
        "where": "Odabrani profil",
      },
      {
        "category": "formatting",
        "detail": "1. sekcija: top 4.00 cm; 1. sekcija: right 4.00 cm; 1. sekcija: bottom 4.00 cm; 1. sekcija: left 4.00 cm",
        "severity": "warning",
        "title": "Margine nisu jednake očekivanim postavkama",
        "where": "Postavke stranice",
      },
      {
        "category": "citations",
        "detail": "Za stil FPZG autor-godina citatnice i literaturu treba dodatno ručno pregledati.",
        "severity": "info",
        "title": "Odabrani citatni stil nije u potpunosti automatiziran",
        "where": "Citatni profil",
      },
      {
        "category": "formatting",
        "detail": "Pronađen je Calibri, a profil očekuje Times New Roman ili Arial.",
        "severity": "error",
        "title": "Dominantni font ne odgovara profilu",
        "where": "",
      },
      {
        "category": "formatting",
        "detail": "Dominantna veličina je 14 pt; očekivano: 12 pt.",
        "severity": "error",
        "title": "Veličina osnovnog teksta odstupa",
        "where": "",
      },
      {
        "category": "formatting",
        "detail": "Provjeri Page Size / Veličina papira u Wordu.",
        "severity": "warning",
        "title": "Format stranice možda nije A4",
        "where": "",
      },
      {
        "category": "structure",
        "detail": "Dodaj automatski sadržaj u Wordu i ažuriraj ga prije predaje.",
        "severity": "error",
        "title": "Nije pronađen sadržaj",
        "where": "",
      },
      {
        "category": "structure",
        "detail": "Provjeri zaglavlja i podnožja te umetni Word PAGE polje.",
        "severity": "error",
        "title": "Nisu pronađeni automatski brojevi stranica",
        "where": "",
      },
      {
        "category": "structure",
        "detail": "Nedostaje ili nije jasno naslovljeno: intro, conclusion, refs.",
        "severity": "warning",
        "title": "Nisu prepoznati svi osnovni dijelovi rada",
        "where": "",
      },
    ],
    "profile": "Grafički fakultet, diplomski rad",
    "profileFingerprint": null,
    "profileStatus": "partial",
    "score": 60,
    "stats": {
      "characters": 392,
      "citations": 0,
      "dominantFont": "Calibri",
      "dominantFootnoteFont": null,
      "dominantFootnoteSize": null,
      "dominantFootnoteSpacing": null,
      "dominantSize": "14",
      "dominantSpacing": null,
      "footnoteMarkers": 0,
      "footnoteWords": 0,
      "footnotes": 0,
      "headings": 0,
      "images": 0,
      "officialChars": null,
      "officialWords": null,
      "paragraphs": 6,
      "references": 0,
      "sections": 1,
      "storedPages": null,
      "tables": 0,
      "tocEntries": 0,
      "words": 60,
    },
  },
  "mef-doktorski-disertacija.docx": {
    "checks": [
      {
        "category": "formatting",
        "detail": "Informativno: ne ulazi u službenu ocjenu. Informativno: font nije potvrđen kao obvezno pravilo za ovaj profil",
        "earned": 0,
        "max": 0,
        "status": "pass",
        "title": "Dominantni font",
      },
      {
        "category": "formatting",
        "detail": "Informativno: ne ulazi u službenu ocjenu. Informativno: veličina nije potvrđena kao obvezno pravilo za ovaj profil",
        "earned": 0,
        "max": 0,
        "status": "pass",
        "title": "Veličina osnovnog teksta",
      },
      {
        "category": "formatting",
        "detail": "Informativno: ne ulazi u službenu ocjenu. Informativno: prored nije potvrđen kao obvezno pravilo za ovaj profil",
        "earned": 0,
        "max": 0,
        "status": "pass",
        "title": "Prored osnovnog teksta",
      },
      {
        "category": "formatting",
        "detail": "Informativno: ne ulazi u službenu ocjenu. Informativno: brojčane margine nisu potvrđene kao obvezno pravilo za ovaj profil",
        "earned": 0,
        "max": 0,
        "status": "pass",
        "title": "Margine dokumenta",
      },
      {
        "category": "formatting",
        "detail": "both",
        "earned": 4,
        "max": 4,
        "status": "pass",
        "title": "Poravnanje osnovnog teksta",
      },
      {
        "category": "formatting",
        "detail": "Sve očitane sekcije koriste A4 ili veličina nije eksplicitno zapisana",
        "earned": 3,
        "max": 3,
        "status": "pass",
        "title": "Format stranice A4",
      },
      {
        "category": "structure",
        "detail": "7 naslova prepoznato",
        "earned": 6,
        "max": 6,
        "status": "pass",
        "title": "Hijerarhija naslova",
      },
      {
        "category": "structure",
        "detail": "Sadržaj ili TOC polje je pronađeno",
        "earned": 5,
        "max": 5,
        "status": "pass",
        "title": "Sadržaj dokumenta",
      },
      {
        "category": "structure",
        "detail": "PAGE polje nije pronađeno",
        "earned": 0,
        "max": 4,
        "status": "pass",
        "title": "Brojevi stranica",
      },
      {
        "category": "structure",
        "detail": "Uvod, zaključak i literatura su prepoznati",
        "earned": 6,
        "max": 6,
        "status": "pass",
        "title": "Osnovni dijelovi rada",
      },
      {
        "category": "structure",
        "detail": "Nisu pronađeni očiti ručno oblikovani naslovi",
        "earned": 4,
        "max": 4,
        "status": "pass",
        "title": "Uporaba Word stilova naslova",
      },
      {
        "category": "citations",
        "detail": "FPZG autor-godina: ručna završna provjera potrebna",
        "earned": 3,
        "max": 3,
        "status": "warn",
        "title": "Automatizacija citatnog stila",
      },
      {
        "category": "citations",
        "detail": "Nisu pronađeni očito nepotpuni zapisi",
        "earned": 5,
        "max": 5,
        "status": "pass",
        "title": "Potpunost bibliografskih zapisa",
      },
      {
        "category": "citations",
        "detail": "Odabrani profil ne zahtijeva datum pristupa za svaki URL",
        "earned": 5,
        "max": 5,
        "status": "pass",
        "title": "Datumi pristupa mrežnim izvorima",
      },
      {
        "category": "elements",
        "detail": "0 tablica · 0 prepoznatih naslova",
        "earned": 5,
        "max": 5,
        "status": "pass",
        "title": "Naslovi tablica",
      },
      {
        "category": "elements",
        "detail": "0 grafičkih elemenata · 0 prepoznatih naslova",
        "earned": 5,
        "max": 5,
        "status": "pass",
        "title": "Naslovi slika i grafikona",
      },
      {
        "category": "elements",
        "detail": "Nisu pronađene očito neispravne poveznice",
        "earned": 3,
        "max": 3,
        "status": "pass",
        "title": "Oblik poveznica",
      },
      {
        "category": "elements",
        "detail": "Informativno: ne ulazi u službenu ocjenu. 0 praznih odlomaka (0%)",
        "earned": 0,
        "max": 0,
        "status": "pass",
        "title": "Prazni odlomci",
      },
      {
        "category": "typography",
        "detail": "Informativno: ne ulazi u službenu ocjenu. 0 nalaza, 0 sigurnih, 0 traže potvrdu",
        "earned": 0,
        "max": 0,
        "status": "pass",
        "title": "Tehničko-tipografska dosljednost",
      },
    ],
    "issues": [
      {
        "category": "structure",
        "detail": null,
        "severity": "info",
        "title": "Službene tehničke provjere",
        "where": "Odabrani profil",
      },
      {
        "category": "citations",
        "detail": "Za stil FPZG autor-godina citatnice i literaturu treba dodatno ručno pregledati.",
        "severity": "info",
        "title": "Odabrani citatni stil nije u potpunosti automatiziran",
        "where": "Citatni profil",
      },
      {
        "category": "structure",
        "detail": "Provjeri zaglavlja i podnožja te umetni Word PAGE polje.",
        "severity": "error",
        "title": "Nisu pronađeni automatski brojevi stranica",
        "where": "",
      },
    ],
    "profile": "Medicinski fakultet, doktorski rad / disertacija",
    "profileFingerprint": null,
    "profileStatus": "partial",
    "score": 93,
    "stats": {
      "characters": 99655,
      "citations": 0,
      "dominantFont": "Times New Roman",
      "dominantFootnoteFont": null,
      "dominantFootnoteSize": null,
      "dominantFootnoteSpacing": null,
      "dominantSize": "12",
      "dominantSpacing": "1.5",
      "footnoteMarkers": 0,
      "footnoteWords": 0,
      "footnotes": 0,
      "headings": 7,
      "images": 0,
      "officialChars": null,
      "officialWords": null,
      "paragraphs": 262,
      "references": 1,
      "sections": 1,
      "storedPages": null,
      "tables": 0,
      "tocEntries": 0,
      "words": 15097,
    },
  },
  "pmf-matematika-uskladjen.docx": {
    "checks": [
      {
        "category": "formatting",
        "detail": "Informativno: ne ulazi u službenu ocjenu. Informativno: font nije potvrđen kao obvezno pravilo za ovaj profil",
        "earned": 0,
        "max": 0,
        "status": "pass",
        "title": "Dominantni font",
      },
      {
        "category": "formatting",
        "detail": "12 pt",
        "earned": 6,
        "max": 6,
        "status": "pass",
        "title": "Veličina osnovnog teksta",
      },
      {
        "category": "formatting",
        "detail": "Informativno: ne ulazi u službenu ocjenu. Informativno: prored nije potvrđen kao obvezno pravilo za ovaj profil",
        "earned": 0,
        "max": 0,
        "status": "pass",
        "title": "Prored osnovnog teksta",
      },
      {
        "category": "formatting",
        "detail": "Informativno: ne ulazi u službenu ocjenu. Informativno: brojčane margine nisu potvrđene kao obvezno pravilo za ovaj profil",
        "earned": 0,
        "max": 0,
        "status": "pass",
        "title": "Margine dokumenta",
      },
      {
        "category": "formatting",
        "detail": "both",
        "earned": 4,
        "max": 4,
        "status": "pass",
        "title": "Poravnanje osnovnog teksta",
      },
      {
        "category": "formatting",
        "detail": "Sve očitane sekcije koriste A4 ili veličina nije eksplicitno zapisana",
        "earned": 3,
        "max": 3,
        "status": "pass",
        "title": "Format stranice A4",
      },
      {
        "category": "structure",
        "detail": "6 naslova prepoznato",
        "earned": 6,
        "max": 6,
        "status": "pass",
        "title": "Hijerarhija naslova",
      },
      {
        "category": "structure",
        "detail": "Sadržaj ili TOC polje je pronađeno",
        "earned": 5,
        "max": 5,
        "status": "pass",
        "title": "Sadržaj dokumenta",
      },
      {
        "category": "structure",
        "detail": "Informativno: ne ulazi u službenu ocjenu. PAGE polje nije pronađeno",
        "earned": 0,
        "max": 0,
        "status": "pass",
        "title": "Brojevi stranica",
      },
      {
        "category": "structure",
        "detail": "Uvod, zaključak i literatura su prepoznati",
        "earned": 6,
        "max": 6,
        "status": "pass",
        "title": "Osnovni dijelovi rada",
      },
      {
        "category": "structure",
        "detail": "Nisu pronađeni očiti ručno oblikovani naslovi",
        "earned": 4,
        "max": 4,
        "status": "pass",
        "title": "Uporaba Word stilova naslova",
      },
      {
        "category": "citations",
        "detail": "FPZG autor-godina: ručna završna provjera potrebna",
        "earned": 3,
        "max": 3,
        "status": "warn",
        "title": "Automatizacija citatnog stila",
      },
      {
        "category": "citations",
        "detail": "Nisu pronađeni očito nepotpuni zapisi",
        "earned": 5,
        "max": 5,
        "status": "pass",
        "title": "Potpunost bibliografskih zapisa",
      },
      {
        "category": "citations",
        "detail": "Odabrani profil ne zahtijeva datum pristupa za svaki URL",
        "earned": 5,
        "max": 5,
        "status": "pass",
        "title": "Datumi pristupa mrežnim izvorima",
      },
      {
        "category": "elements",
        "detail": "0 tablica · 0 prepoznatih naslova",
        "earned": 5,
        "max": 5,
        "status": "pass",
        "title": "Naslovi tablica",
      },
      {
        "category": "elements",
        "detail": "0 grafičkih elemenata · 0 prepoznatih naslova",
        "earned": 5,
        "max": 5,
        "status": "pass",
        "title": "Naslovi slika i grafikona",
      },
      {
        "category": "elements",
        "detail": "Nisu pronađene očito neispravne poveznice",
        "earned": 3,
        "max": 3,
        "status": "pass",
        "title": "Oblik poveznica",
      },
      {
        "category": "elements",
        "detail": "Informativno: ne ulazi u službenu ocjenu. 0 praznih odlomaka (0%)",
        "earned": 0,
        "max": 0,
        "status": "pass",
        "title": "Prazni odlomci",
      },
      {
        "category": "typography",
        "detail": "Informativno: ne ulazi u službenu ocjenu. 0 nalaza, 0 sigurnih, 0 traže potvrdu",
        "earned": 0,
        "max": 0,
        "status": "pass",
        "title": "Tehničko-tipografska dosljednost",
      },
    ],
    "issues": [
      {
        "category": "structure",
        "detail": null,
        "severity": "info",
        "title": "Službene tehničke provjere",
        "where": "Odabrani profil",
      },
      {
        "category": "citations",
        "detail": "Za stil FPZG autor-godina citatnice i literaturu treba dodatno ručno pregledati.",
        "severity": "info",
        "title": "Odabrani citatni stil nije u potpunosti automatiziran",
        "where": "Citatni profil",
      },
    ],
    "profile": "Prirodoslovno-matematicki fakultet (Matematicki odsjek), diplomski rad",
    "profileFingerprint": null,
    "profileStatus": "partial",
    "score": 100,
    "stats": {
      "characters": 46931,
      "citations": 0,
      "dominantFont": "Times New Roman",
      "dominantFootnoteFont": null,
      "dominantFootnoteSize": null,
      "dominantFootnoteSpacing": null,
      "dominantSize": "12",
      "dominantSpacing": "1.5",
      "footnoteMarkers": 0,
      "footnoteWords": 0,
      "footnotes": 0,
      "headings": 6,
      "images": 0,
      "officialChars": null,
      "officialWords": null,
      "paragraphs": 127,
      "references": 1,
      "sections": 1,
      "storedPages": null,
      "tables": 0,
      "tocEntries": 0,
      "words": 7110,
    },
  },
  "pmf-matematika-zasticeni-odlomci.docx": {
    "checks": [
      {
        "category": "formatting",
        "detail": "Informativno: ne ulazi u službenu ocjenu. Informativno: font nije potvrđen kao obvezno pravilo za ovaj profil",
        "earned": 0,
        "max": 0,
        "status": "pass",
        "title": "Dominantni font",
      },
      {
        "category": "formatting",
        "detail": "12 pt",
        "earned": 6,
        "max": 6,
        "status": "pass",
        "title": "Veličina osnovnog teksta",
      },
      {
        "category": "formatting",
        "detail": "Informativno: ne ulazi u službenu ocjenu. Informativno: prored nije potvrđen kao obvezno pravilo za ovaj profil",
        "earned": 0,
        "max": 0,
        "status": "pass",
        "title": "Prored osnovnog teksta",
      },
      {
        "category": "formatting",
        "detail": "Informativno: ne ulazi u službenu ocjenu. Informativno: brojčane margine nisu potvrđene kao obvezno pravilo za ovaj profil",
        "earned": 0,
        "max": 0,
        "status": "pass",
        "title": "Margine dokumenta",
      },
      {
        "category": "formatting",
        "detail": "both",
        "earned": 4,
        "max": 4,
        "status": "pass",
        "title": "Poravnanje osnovnog teksta",
      },
      {
        "category": "formatting",
        "detail": "Sve očitane sekcije koriste A4 ili veličina nije eksplicitno zapisana",
        "earned": 3,
        "max": 3,
        "status": "pass",
        "title": "Format stranice A4",
      },
      {
        "category": "structure",
        "detail": "6 naslova prepoznato",
        "earned": 6,
        "max": 6,
        "status": "pass",
        "title": "Hijerarhija naslova",
      },
      {
        "category": "structure",
        "detail": "Sadržaj ili TOC polje je pronađeno",
        "earned": 5,
        "max": 5,
        "status": "pass",
        "title": "Sadržaj dokumenta",
      },
      {
        "category": "structure",
        "detail": "Informativno: ne ulazi u službenu ocjenu. Pronađeno Word PAGE polje",
        "earned": 0,
        "max": 0,
        "status": "pass",
        "title": "Brojevi stranica",
      },
      {
        "category": "structure",
        "detail": "Uvod, zaključak i literatura su prepoznati",
        "earned": 6,
        "max": 6,
        "status": "pass",
        "title": "Osnovni dijelovi rada",
      },
      {
        "category": "structure",
        "detail": "Nisu pronađeni očiti ručno oblikovani naslovi",
        "earned": 4,
        "max": 4,
        "status": "pass",
        "title": "Uporaba Word stilova naslova",
      },
      {
        "category": "citations",
        "detail": "FPZG autor-godina: ručna završna provjera potrebna",
        "earned": 3,
        "max": 3,
        "status": "warn",
        "title": "Automatizacija citatnog stila",
      },
      {
        "category": "citations",
        "detail": "Nisu pronađeni očito nepotpuni zapisi",
        "earned": 5,
        "max": 5,
        "status": "pass",
        "title": "Potpunost bibliografskih zapisa",
      },
      {
        "category": "citations",
        "detail": "Odabrani profil ne zahtijeva datum pristupa za svaki URL",
        "earned": 5,
        "max": 5,
        "status": "pass",
        "title": "Datumi pristupa mrežnim izvorima",
      },
      {
        "category": "elements",
        "detail": "0 tablica · 0 prepoznatih naslova",
        "earned": 5,
        "max": 5,
        "status": "pass",
        "title": "Naslovi tablica",
      },
      {
        "category": "elements",
        "detail": "0 grafičkih elemenata · 0 prepoznatih naslova",
        "earned": 5,
        "max": 5,
        "status": "pass",
        "title": "Naslovi slika i grafikona",
      },
      {
        "category": "elements",
        "detail": "Nisu pronađene očito neispravne poveznice",
        "earned": 3,
        "max": 3,
        "status": "pass",
        "title": "Oblik poveznica",
      },
      {
        "category": "elements",
        "detail": "Informativno: ne ulazi u službenu ocjenu. 2 praznih odlomaka (2%)",
        "earned": 0,
        "max": 0,
        "status": "pass",
        "title": "Prazni odlomci",
      },
      {
        "category": "typography",
        "detail": "Informativno: ne ulazi u službenu ocjenu. 0 nalaza, 0 sigurnih, 0 traže potvrdu",
        "earned": 0,
        "max": 0,
        "status": "pass",
        "title": "Tehničko-tipografska dosljednost",
      },
    ],
    "issues": [
      {
        "category": "structure",
        "detail": null,
        "severity": "info",
        "title": "Službene tehničke provjere",
        "where": "Odabrani profil",
      },
      {
        "category": "citations",
        "detail": "Za stil FPZG autor-godina citatnice i literaturu treba dodatno ručno pregledati.",
        "severity": "info",
        "title": "Odabrani citatni stil nije u potpunosti automatiziran",
        "where": "Citatni profil",
      },
    ],
    "profile": "Prirodoslovno-matematicki fakultet (Matematicki odsjek), diplomski rad",
    "profileFingerprint": null,
    "profileStatus": "partial",
    "score": 100,
    "stats": {
      "characters": 46933,
      "citations": 0,
      "dominantFont": "Times New Roman",
      "dominantFootnoteFont": null,
      "dominantFootnoteSize": null,
      "dominantFootnoteSpacing": null,
      "dominantSize": "12",
      "dominantSpacing": "1.5",
      "footnoteMarkers": 0,
      "footnoteWords": 0,
      "footnotes": 0,
      "headings": 6,
      "images": 0,
      "officialChars": null,
      "officialWords": null,
      "paragraphs": 129,
      "references": 1,
      "sections": 1,
      "storedPages": null,
      "tables": 0,
      "tocEntries": 0,
      "words": 7110,
    },
  },
  "synthetic-formula-omath.docx": {
    "checks": [
      {
        "category": "formatting",
        "detail": "Times New Roman (100% analiziranog teksta)",
        "earned": 8,
        "max": 8,
        "status": "pass",
        "title": "Dominantni font",
      },
      {
        "category": "formatting",
        "detail": "12 pt",
        "earned": 6,
        "max": 6,
        "status": "pass",
        "title": "Veličina osnovnog teksta",
      },
      {
        "category": "formatting",
        "detail": "Prored nije eksplicitno zapisan",
        "earned": 6,
        "max": 6,
        "status": "pass",
        "title": "Prored osnovnog teksta",
      },
      {
        "category": "formatting",
        "detail": "Sve 1 sekcije približno odgovaraju profilu",
        "earned": 6,
        "max": 6,
        "status": "pass",
        "title": "Margine dokumenta",
      },
      {
        "category": "formatting",
        "detail": "default",
        "earned": 4,
        "max": 4,
        "status": "pass",
        "title": "Poravnanje osnovnog teksta",
      },
      {
        "category": "formatting",
        "detail": "Sve očitane sekcije koriste A4 ili veličina nije eksplicitno zapisana",
        "earned": 3,
        "max": 3,
        "status": "pass",
        "title": "Format stranice A4",
      },
      {
        "category": "structure",
        "detail": "1 naslova prepoznato",
        "earned": 6,
        "max": 6,
        "status": "pass",
        "title": "Hijerarhija naslova",
      },
      {
        "category": "structure",
        "detail": "Informativno: ne ulazi u službenu ocjenu. Sadržaj nije pronađen",
        "earned": 0,
        "max": 0,
        "status": "pass",
        "title": "Sadržaj dokumenta",
      },
      {
        "category": "structure",
        "detail": "PAGE polje nije pronađeno",
        "earned": 0,
        "max": 4,
        "status": "pass",
        "title": "Brojevi stranica",
      },
      {
        "category": "structure",
        "detail": "Nije prepoznato: intro, conclusion, refs",
        "earned": 1,
        "max": 6,
        "status": "warn",
        "title": "Osnovni dijelovi rada",
      },
      {
        "category": "structure",
        "detail": "Nisu pronađeni očiti ručno oblikovani naslovi",
        "earned": 4,
        "max": 4,
        "status": "pass",
        "title": "Uporaba Word stilova naslova",
      },
      {
        "category": "citations",
        "detail": "FPZG autor-godina: ručna završna provjera potrebna",
        "earned": 3,
        "max": 3,
        "status": "warn",
        "title": "Automatizacija citatnog stila",
      },
      {
        "category": "citations",
        "detail": "Nisu pronađeni očito nepotpuni zapisi",
        "earned": 5,
        "max": 5,
        "status": "pass",
        "title": "Potpunost bibliografskih zapisa",
      },
      {
        "category": "citations",
        "detail": "Odabrani profil ne zahtijeva datum pristupa za svaki URL",
        "earned": 5,
        "max": 5,
        "status": "pass",
        "title": "Datumi pristupa mrežnim izvorima",
      },
      {
        "category": "elements",
        "detail": "0 tablica · 0 prepoznatih naslova",
        "earned": 5,
        "max": 5,
        "status": "pass",
        "title": "Naslovi tablica",
      },
      {
        "category": "elements",
        "detail": "0 grafičkih elemenata · 0 prepoznatih naslova",
        "earned": 5,
        "max": 5,
        "status": "pass",
        "title": "Naslovi slika i grafikona",
      },
      {
        "category": "elements",
        "detail": "Nisu pronađene očito neispravne poveznice",
        "earned": 3,
        "max": 3,
        "status": "pass",
        "title": "Oblik poveznica",
      },
      {
        "category": "elements",
        "detail": "Informativno: ne ulazi u službenu ocjenu. 1 praznih odlomaka (20%)",
        "earned": 0,
        "max": 0,
        "status": "pass",
        "title": "Prazni odlomci",
      },
      {
        "category": "typography",
        "detail": "Informativno: ne ulazi u službenu ocjenu. 0 nalaza, 0 sigurnih, 0 traže potvrdu",
        "earned": 0,
        "max": 0,
        "status": "pass",
        "title": "Tehničko-tipografska dosljednost",
      },
    ],
    "issues": [
      {
        "category": "structure",
        "detail": null,
        "severity": "info",
        "title": "Službene tehničke provjere",
        "where": "Odabrani profil",
      },
      {
        "category": "citations",
        "detail": "Za stil FPZG autor-godina citatnice i literaturu treba dodatno ručno pregledati.",
        "severity": "info",
        "title": "Odabrani citatni stil nije u potpunosti automatiziran",
        "where": "Citatni profil",
      },
      {
        "category": "structure",
        "detail": "Provjeri zaglavlja i podnožja te umetni Word PAGE polje.",
        "severity": "error",
        "title": "Nisu pronađeni automatski brojevi stranica",
        "where": "",
      },
      {
        "category": "structure",
        "detail": "Nedostaje ili nije jasno naslovljeno: intro, conclusion, refs.",
        "severity": "warning",
        "title": "Nisu prepoznati svi osnovni dijelovi rada",
        "where": "",
      },
      {
        "category": "elements",
        "detail": "Za razmake koristi postavke odlomka umjesto višestrukog pritiskanja tipke Enter.",
        "severity": "info",
        "title": "Informativno: Dokument sadrži mnogo praznih odlomaka",
        "where": "",
      },
    ],
    "profile": "Fakultet elektrotehnike i racunarstva, diplomski rad",
    "profileFingerprint": null,
    "profileStatus": "partial",
    "score": 89,
    "stats": {
      "characters": 169,
      "citations": 0,
      "dominantFont": "Times New Roman",
      "dominantFootnoteFont": null,
      "dominantFootnoteSize": null,
      "dominantFootnoteSpacing": null,
      "dominantSize": "12",
      "dominantSpacing": null,
      "footnoteMarkers": 0,
      "footnoteWords": 0,
      "footnotes": 0,
      "headings": 1,
      "images": 0,
      "officialChars": null,
      "officialWords": null,
      "paragraphs": 5,
      "references": 0,
      "sections": 1,
      "storedPages": null,
      "tables": 0,
      "tocEntries": 0,
      "words": 24,
    },
  },
  "synthetic-hrvatski-naslov1-heading.docx": {
    "checks": [
      {
        "category": "formatting",
        "detail": "Times New Roman (100% analiziranog teksta)",
        "earned": 8,
        "max": 8,
        "status": "pass",
        "title": "Dominantni font",
      },
      {
        "category": "formatting",
        "detail": "12 pt",
        "earned": 6,
        "max": 6,
        "status": "pass",
        "title": "Veličina osnovnog teksta",
      },
      {
        "category": "formatting",
        "detail": "1.50",
        "earned": 6,
        "max": 6,
        "status": "pass",
        "title": "Prored osnovnog teksta",
      },
      {
        "category": "formatting",
        "detail": "Informativno: ne ulazi u službenu ocjenu. Informativno: brojčane margine nisu potvrđene kao obvezno pravilo za ovaj profil",
        "earned": 0,
        "max": 0,
        "status": "pass",
        "title": "Margine dokumenta",
      },
      {
        "category": "formatting",
        "detail": "both",
        "earned": 4,
        "max": 4,
        "status": "pass",
        "title": "Poravnanje osnovnog teksta",
      },
      {
        "category": "formatting",
        "detail": "Nije pronađena nijedna Word fusnota",
        "earned": 0,
        "max": 4,
        "status": "fail",
        "title": "Automatske fusnote",
      },
      {
        "category": "formatting",
        "detail": "font nije očitan · ? pt · prored ? · poravnanje ?",
        "earned": 6,
        "max": 6,
        "status": "pass",
        "title": "Oblikovanje fusnota",
      },
      {
        "category": "formatting",
        "detail": "Razmak prije/poslije nije izričito zapisan u analiziranim stilovima; nema bodovnog kažnjavanja",
        "earned": 3,
        "max": 3,
        "status": "pass",
        "title": "Razmak prije i poslije odlomka",
      },
      {
        "category": "formatting",
        "detail": "Razmak prije/poslije nije izričito zapisan u analiziranim stilovima; nema bodovnog kažnjavanja",
        "earned": 3,
        "max": 3,
        "status": "pass",
        "title": "Razmak prije i poslije fusnota",
      },
      {
        "category": "formatting",
        "detail": "0 oznaka · 0 ukošenih · 0 uz pogrešnu stranu zareza/točke",
        "earned": 4,
        "max": 4,
        "status": "pass",
        "title": "Položaj i stil oznaka fusnota",
      },
      {
        "category": "structure",
        "detail": "1 naslova prepoznato",
        "earned": 6,
        "max": 6,
        "status": "pass",
        "title": "Hijerarhija naslova",
      },
      {
        "category": "structure",
        "detail": "1 od 1 naslova odstupa od očekivanog velikog slova/bold/italic obrasca",
        "earned": 5,
        "max": 6,
        "status": "warn",
        "title": "Oblikovanje naslova po razinama",
      },
      {
        "category": "structure",
        "detail": "1 naslova nema odgovarajuću oznaku razine ili završnu točku",
        "earned": 3,
        "max": 4,
        "status": "warn",
        "title": "Numeriranje naslova",
      },
      {
        "category": "structure",
        "detail": "Nisu pronađeni naslovi izričito poravnani drugačije od lijevog ruba",
        "earned": 3,
        "max": 3,
        "status": "pass",
        "title": "Poravnanje naslova slijeva",
      },
      {
        "category": "structure",
        "detail": "Nisu pronađeni naslovi dublji od 3 razine",
        "earned": 3,
        "max": 3,
        "status": "pass",
        "title": "Dubina decimalnog numeriranja",
      },
      {
        "category": "structure",
        "detail": "Sadržaj nije pronađen",
        "earned": 0,
        "max": 5,
        "status": "pass",
        "title": "Sadržaj dokumenta",
      },
      {
        "category": "structure",
        "detail": "PAGE polje nije pronađeno",
        "earned": 0,
        "max": 4,
        "status": "pass",
        "title": "Brojevi stranica",
      },
      {
        "category": "structure",
        "detail": "Nije prepoznato: conclusion, refs",
        "earned": 2,
        "max": 6,
        "status": "warn",
        "title": "Osnovni dijelovi rada",
      },
      {
        "category": "structure",
        "detail": "Nije prepoznato: izjava o izvornosti, sadržaj, središnji dio, zaključak, izvori i literatura / bibliografija",
        "earned": 2,
        "max": 7,
        "status": "warn",
        "title": "Dijelovi verificiranog profila",
      },
      {
        "category": "structure",
        "detail": "Informativno: ne ulazi u službenu ocjenu. Word nije spremio pouzdan broj stranica; profil: oko 30. Provjeri broj u otvorenom dokumentu.",
        "earned": 0,
        "max": 0,
        "status": "pass",
        "title": "Opseg u stranicama",
      },
      {
        "category": "structure",
        "detail": "Mogu nedostajati: Sveučilište u Zagrebu, Pravni fakultet, Zagreb i godina, vrsta rada, mentor",
        "earned": 2,
        "max": 4,
        "status": "warn",
        "title": "Elementi naslovne stranice",
      },
      {
        "category": "structure",
        "detail": "Informativno: ne ulazi u službenu ocjenu. Nije pronađen pouzdan prijelom prve stranice; redoslijed treba provjeriti vizualno",
        "earned": 0,
        "max": 0,
        "status": "pass",
        "title": "Redoslijed elemenata naslovnice",
      },
      {
        "category": "structure",
        "detail": "Informativno: ne ulazi u službenu ocjenu. Nije pronađen pouzdan prijelom prve stranice; vizualni raspored nije bodovan",
        "earned": 0,
        "max": 0,
        "status": "pass",
        "title": "Raspored naslovne stranice",
      },
      {
        "category": "structure",
        "detail": "6 zahtjeva nije moguće pouzdano provjeriti bez Wordova prijeloma stranica i stručnog pregleda",
        "earned": 3,
        "max": 3,
        "status": "warn",
        "title": "Zahtjevi za ručnu završnu provjeru",
      },
      {
        "category": "structure",
        "detail": "Nisu pronađeni očiti ručno oblikovani naslovi",
        "earned": 4,
        "max": 4,
        "status": "pass",
        "title": "Uporaba Word stilova naslova",
      },
      {
        "category": "citations",
        "detail": "Fusnote nisu pronađene",
        "earned": 0,
        "max": 7,
        "status": "fail",
        "title": "Pravne fusnote",
      },
      {
        "category": "citations",
        "detail": "0 od 0 fusnota razvrstano je u prepoznatljive vrste izvora",
        "earned": 0,
        "max": 4,
        "status": "fail",
        "title": "Klasifikacija pravnih izvora",
      },
      {
        "category": "citations",
        "detail": "Nisu pronađeni očiti nedostajući elementi u prvim navodima",
        "earned": 7,
        "max": 7,
        "status": "pass",
        "title": "Potpunost prvog navođenja",
      },
      {
        "category": "citations",
        "detail": "0 op. cit. navoda ima razrješivu poveznicu",
        "earned": 8,
        "max": 8,
        "status": "pass",
        "title": "op. cit. → prvo navođenje",
      },
      {
        "category": "citations",
        "detail": "0 Ibid. navoda slijedi razrješivu prethodnu bilješku",
        "earned": 5,
        "max": 5,
        "status": "pass",
        "title": "Slijed Ibid.",
      },
      {
        "category": "citations",
        "detail": "Informativno: ne ulazi u službenu ocjenu. Kratica id. nije korištena",
        "earned": 0,
        "max": 0,
        "status": "pass",
        "title": "Kratica id. u istoj bilješci",
      },
      {
        "category": "citations",
        "detail": "Informativno: ne ulazi u službenu ocjenu. 0 pravnih akata · 0 uvedenih kratica",
        "earned": 0,
        "max": 0,
        "status": "pass",
        "title": "Propisi i uvedene kratice",
      },
      {
        "category": "citations",
        "detail": "Informativno: ne ulazi u službenu ocjenu. Sudska praksa nije prepoznata",
        "earned": 0,
        "max": 0,
        "status": "pass",
        "title": "Sudska praksa",
      },
      {
        "category": "citations",
        "detail": "Bibliografija nije pouzdano prepoznata",
        "earned": 4,
        "max": 8,
        "status": "warn",
        "title": "Fusnote ↔ bibliografija",
      },
      {
        "category": "citations",
        "detail": "Nisu pronađeni očito nepotpuni zapisi",
        "earned": 5,
        "max": 5,
        "status": "pass",
        "title": "Potpunost bibliografskih zapisa",
      },
      {
        "category": "citations",
        "detail": "Odabrani profil ne zahtijeva datum pristupa za svaki URL",
        "earned": 5,
        "max": 5,
        "status": "pass",
        "title": "Datumi pristupa mrežnim izvorima",
      },
      {
        "category": "elements",
        "detail": "Informativno: ne ulazi u službenu ocjenu. 0 tablica · 0 prepoznatih naslova",
        "earned": 0,
        "max": 0,
        "status": "pass",
        "title": "Naslovi tablica",
      },
      {
        "category": "elements",
        "detail": "Informativno: ne ulazi u službenu ocjenu. 0 grafičkih elemenata · 0 prepoznatih naslova",
        "earned": 0,
        "max": 0,
        "status": "pass",
        "title": "Naslovi slika i grafikona",
      },
      {
        "category": "elements",
        "detail": "Informativno: ne ulazi u službenu ocjenu. Nisu pronađene očito neispravne poveznice",
        "earned": 0,
        "max": 0,
        "status": "pass",
        "title": "Oblik poveznica",
      },
      {
        "category": "elements",
        "detail": "Informativno: ne ulazi u službenu ocjenu. 0 praznih odlomaka (0%)",
        "earned": 0,
        "max": 0,
        "status": "pass",
        "title": "Prazni odlomci",
      },
      {
        "category": "typography",
        "detail": "Informativno: ne ulazi u službenu ocjenu. 1 nalaza, 1 sigurnih, 0 traže potvrdu",
        "earned": 0,
        "max": 0,
        "status": "pass",
        "title": "Tehničko-tipografska dosljednost",
      },
    ],
    "issues": [
      {
        "category": "structure",
        "detail": "Vizualno provjeriti naslovnu stranicu, naziv katedre, kolegija, mentora, mjesto i godinu. • Sadržaj treba biti automatski generiran i ažuriran prije predaje. • Naslove treba numerirati po razinama; naslov 1. razine tiskanim slovima, 2. razine podebljano, 3. razine podebljano i kurzivom. • Provjeriti je li prvo navođenje svakog izvora potpuno, a ponovljeno navođenje dosljedno prema op. cit., ibid. i id. pravilima. • Kod zakona i drugih pravnih akata treba pri prvom navođenju navesti puni naziv službenog glasila i relevantne brojeve objava. • Upute mentora i posebne upute katedre imaju prednost kada su strože ili detaljnije.",
        "severity": "info",
        "title": "Ručna završna provjera verificiranog profila",
        "where": "Službene upute",
      },
      {
        "category": "citations",
        "detail": "Pravni profil očekuje bibliografske i pravne izvore u numeriranim Word fusnotama.",
        "severity": "error",
        "title": "Nisu pronađene automatske fusnote",
        "where": "Fusnote",
      },
      {
        "category": "structure",
        "detail": "odlomak 1: Uvod",
        "severity": "warning",
        "title": "Naslovi ne prate profil razina",
        "where": "Naslovi",
      },
      {
        "category": "structure",
        "detail": "odlomak 1: Uvod",
        "severity": "warning",
        "title": "Numeriranje naslova nije dosljedno",
        "where": "Naslovi",
      },
      {
        "category": "structure",
        "detail": "Dodaj automatski sadržaj u Wordu i ažuriraj ga prije predaje.",
        "severity": "error",
        "title": "Nije pronađen sadržaj",
        "where": "",
      },
      {
        "category": "structure",
        "detail": "Provjeri zaglavlja i podnožja te umetni Word PAGE polje.",
        "severity": "error",
        "title": "Nisu pronađeni automatski brojevi stranica",
        "where": "",
      },
      {
        "category": "structure",
        "detail": "Nedostaje ili nije jasno naslovljeno: conclusion, refs.",
        "severity": "warning",
        "title": "Nisu prepoznati svi osnovni dijelovi rada",
        "where": "",
      },
      {
        "category": "structure",
        "detail": "izjava o izvornosti, sadržaj, središnji dio, zaključak, izvori i literatura / bibliografija",
        "severity": "warning",
        "title": "Nedostaju mogući obvezni dijelovi verificiranog profila",
        "where": "Struktura rada",
      },
      {
        "category": "structure",
        "detail": "Nisu pouzdano prepoznati: Sveučilište u Zagrebu, Pravni fakultet, Zagreb i godina, vrsta rada, mentor. Vizualni raspored treba provjeriti ručno prema predlošku.",
        "severity": "warning",
        "title": "Naslovna stranica možda nije potpuna",
        "where": "Prva stranica",
      },
      {
        "category": "citations",
        "detail": "Odabrani profil očekuje automatski numerirane Word fusnote.",
        "severity": "error",
        "title": "Nema pravnih fusnota",
        "where": "Fusnote",
      },
      {
        "category": "citations",
        "detail": "Parser ne može pouzdano odrediti vrstu izvora za velik dio fusnota; potreban je ručni pregled.",
        "severity": "warning",
        "title": "Mnogo fusnota nije klasificirano",
        "where": "Legal Citation Engine",
      },
      {
        "category": "typography",
        "detail": "Odaberi kategorije koje želiš popraviti. Akademski sadržaj se ne mijenja.",
        "severity": "info",
        "title": "Informativno: Pronađene su tehničko-tipografske nedosljednosti",
        "where": "Tehničko-tipografska dosljednost",
      },
    ],
    "profile": "Pravni fakultet · integrirani studij Pravo · diplomski rad",
    "profileFingerprint": null,
    "profileStatus": "verified",
    "score": 72,
    "stats": {
      "characters": 122,
      "citations": 0,
      "dominantFont": "Times New Roman",
      "dominantFootnoteFont": null,
      "dominantFootnoteSize": null,
      "dominantFootnoteSpacing": null,
      "dominantSize": "12",
      "dominantSpacing": "1.5",
      "footnoteMarkers": 0,
      "footnoteWords": 0,
      "footnotes": 0,
      "headings": 1,
      "images": 0,
      "officialChars": null,
      "officialWords": null,
      "paragraphs": 2,
      "references": 0,
      "sections": 1,
      "storedPages": null,
      "tables": 0,
      "tocEntries": 0,
      "words": 18,
    },
  },
  "synthetic-libreoffice-standard-default.docx": {
    "checks": [
      {
        "category": "formatting",
        "detail": "Calibri (100% analiziranog teksta)",
        "earned": 1,
        "max": 8,
        "status": "fail",
        "title": "Dominantni font",
      },
      {
        "category": "formatting",
        "detail": "11 pt",
        "earned": 1,
        "max": 6,
        "status": "fail",
        "title": "Veličina osnovnog teksta",
      },
      {
        "category": "formatting",
        "detail": "1.00",
        "earned": 1,
        "max": 6,
        "status": "fail",
        "title": "Prored osnovnog teksta",
      },
      {
        "category": "formatting",
        "detail": "Informativno: ne ulazi u službenu ocjenu. Informativno: brojčane margine nisu potvrđene kao obvezno pravilo za ovaj profil",
        "earned": 0,
        "max": 0,
        "status": "pass",
        "title": "Margine dokumenta",
      },
      {
        "category": "formatting",
        "detail": "left",
        "earned": 2,
        "max": 4,
        "status": "warn",
        "title": "Poravnanje osnovnog teksta",
      },
      {
        "category": "formatting",
        "detail": "Sve očitane sekcije koriste A4 ili veličina nije eksplicitno zapisana",
        "earned": 3,
        "max": 3,
        "status": "pass",
        "title": "Format stranice A4",
      },
      {
        "category": "structure",
        "detail": "1 naslova prepoznato",
        "earned": 6,
        "max": 6,
        "status": "pass",
        "title": "Hijerarhija naslova",
      },
      {
        "category": "structure",
        "detail": "Nisu pronađeni naslovi dublji od 4 razine",
        "earned": 3,
        "max": 3,
        "status": "pass",
        "title": "Dubina decimalnog numeriranja",
      },
      {
        "category": "structure",
        "detail": "Sadržaj nije pronađen",
        "earned": 0,
        "max": 5,
        "status": "pass",
        "title": "Sadržaj dokumenta",
      },
      {
        "category": "structure",
        "detail": "PAGE polje nije pronađeno",
        "earned": 0,
        "max": 4,
        "status": "pass",
        "title": "Brojevi stranica",
      },
      {
        "category": "structure",
        "detail": "Format brojeva sekcija nije eksplicitno zapisan",
        "earned": 2,
        "max": 4,
        "status": "warn",
        "title": "Shema numeriranja stranica",
      },
      {
        "category": "structure",
        "detail": "Nije prepoznato: conclusion, refs",
        "earned": 2,
        "max": 6,
        "status": "warn",
        "title": "Osnovni dijelovi rada",
      },
      {
        "category": "structure",
        "detail": "Nije prepoznato: sadržaj, zaključak, literatura, sažetak / abstract, ključne riječi / keywords",
        "earned": 2,
        "max": 7,
        "status": "warn",
        "title": "Dijelovi verificiranog profila",
      },
      {
        "category": "structure",
        "detail": "34 riječi (glavni tekst od Uvoda do kraja dokumenta + 0 riječi u fusnotama); profil: 5.000-6.000",
        "earned": 2,
        "max": 5,
        "status": "warn",
        "title": "Profilni opseg riječi",
      },
      {
        "category": "structure",
        "detail": "Uvod približno 100.0% · Zaključak približno 0.0% glavnog opsega",
        "earned": 2,
        "max": 4,
        "status": "warn",
        "title": "Omjer Uvoda i Zaključka",
      },
      {
        "category": "structure",
        "detail": "Mogu nedostajati: Sveučilište u Zagrebu, Fakultet političkih znanosti, Zagreb i godina, vrsta rada",
        "earned": 2,
        "max": 4,
        "status": "warn",
        "title": "Elementi naslovne stranice",
      },
      {
        "category": "structure",
        "detail": "7 zahtjeva nije moguće pouzdano provjeriti bez Wordova prijeloma stranica i stručnog pregleda",
        "earned": 3,
        "max": 3,
        "status": "warn",
        "title": "Zahtjevi za ručnu završnu provjeru",
      },
      {
        "category": "structure",
        "detail": "Nisu pronađeni očiti ručno oblikovani naslovi",
        "earned": 4,
        "max": 4,
        "status": "pass",
        "title": "Uporaba Word stilova naslova",
      },
      {
        "category": "citations",
        "detail": "Nije prepoznata nijedna autor-godina citatnica",
        "earned": 1,
        "max": 3,
        "status": "warn",
        "title": "Prepoznate citatnice",
      },
      {
        "category": "citations",
        "detail": "Sve prepoznate citatnice imaju podudaranje",
        "earned": 10,
        "max": 10,
        "status": "pass",
        "title": "Citirano → literatura",
      },
      {
        "category": "citations",
        "detail": "Svi strukturirano prepoznati izvori pojavljuju se u tekstu",
        "earned": 7,
        "max": 7,
        "status": "pass",
        "title": "Literatura → citirano",
      },
      {
        "category": "citations",
        "detail": "FPZG autor-godina: ručna završna provjera potrebna",
        "earned": 3,
        "max": 3,
        "status": "warn",
        "title": "Automatizacija citatnog stila",
      },
      {
        "category": "citations",
        "detail": "Nisu pronađeni očito nepotpuni zapisi",
        "earned": 5,
        "max": 5,
        "status": "pass",
        "title": "Potpunost bibliografskih zapisa",
      },
      {
        "category": "citations",
        "detail": "Nisu prepoznati izravni citati s autor-godina citatnicom",
        "earned": 4,
        "max": 4,
        "status": "pass",
        "title": "Lokator uz izravne citate",
      },
      {
        "category": "citations",
        "detail": "Nisu pronađene očite nestandardne kombinacije autora, godine i lokatora",
        "earned": 3,
        "max": 3,
        "status": "pass",
        "title": "Dosljednost interpunkcije citatnica",
      },
      {
        "category": "citations",
        "detail": "Nisu pronađeni očiti nerazlučeni duplikati autor-godina",
        "earned": 3,
        "max": 3,
        "status": "pass",
        "title": "Isti autor i godina (a/b/c)",
      },
      {
        "category": "citations",
        "detail": "Datumi pristupa su pronađeni gdje se očekuju",
        "earned": 5,
        "max": 5,
        "status": "pass",
        "title": "Datumi pristupa mrežnim izvorima",
      },
      {
        "category": "elements",
        "detail": "0 tablica · 0 prepoznatih naslova",
        "earned": 5,
        "max": 5,
        "status": "pass",
        "title": "Naslovi tablica",
      },
      {
        "category": "elements",
        "detail": "0 grafičkih elemenata · 0 prepoznatih naslova",
        "earned": 5,
        "max": 5,
        "status": "pass",
        "title": "Naslovi slika i grafikona",
      },
      {
        "category": "elements",
        "detail": "Potrebni popisi su pronađeni ili nema elemenata",
        "earned": 3,
        "max": 3,
        "status": "pass",
        "title": "Popisi slika i tablica",
      },
      {
        "category": "elements",
        "detail": "Nisu pronađene očito neispravne poveznice",
        "earned": 3,
        "max": 3,
        "status": "pass",
        "title": "Oblik poveznica",
      },
      {
        "category": "elements",
        "detail": "Informativno: ne ulazi u službenu ocjenu. 0 praznih odlomaka (0%)",
        "earned": 0,
        "max": 0,
        "status": "pass",
        "title": "Prazni odlomci",
      },
      {
        "category": "typography",
        "detail": "Informativno: ne ulazi u službenu ocjenu. 0 nalaza, 0 sigurnih, 0 traže potvrdu",
        "earned": 0,
        "max": 0,
        "status": "pass",
        "title": "Tehničko-tipografska dosljednost",
      },
    ],
    "issues": [
      {
        "category": "structure",
        "detail": "Provjeriti vanjsku i unutarnju naslovnu stranicu prema službenom predlošku FPZG-a. • Prednje stranice trebaju imati rimske brojeve, a glavni tekst arapske brojeve od prve stranice Uvoda. • Sažetak treba biti u jednom odlomku, bez citatnica, a ključne riječi navedene neposredno uz njega. • Najviše četiri razine decimalnog numeriranja naslova. • Svaka slika, grafikon i tablica trebaju imati naslov i izvor; kada postoje, potreban je i odgovarajući popis ilustracija. • Posebne upute mentora, nositelja kolegija ili studijskog programa imaju prednost kada su izričito zadane. • Minimalan broj i vrstu izvora potvrditi s mentorom jer aktualna odluka za završni rad ne propisuje jedinstveni minimum.",
        "severity": "info",
        "title": "Ručna završna provjera verificiranog profila",
        "where": "Službene upute",
      },
      {
        "category": "citations",
        "detail": "Za stil FPZG autor-godina citatnice i literaturu treba dodatno ručno pregledati.",
        "severity": "info",
        "title": "Odabrani citatni stil nije u potpunosti automatiziran",
        "where": "Citatni profil",
      },
      {
        "category": "formatting",
        "detail": "Pronađen je Calibri, a profil očekuje Times New Roman.",
        "severity": "error",
        "title": "Dominantni font ne odgovara profilu",
        "where": "",
      },
      {
        "category": "formatting",
        "detail": "Dominantna veličina je 11 pt; očekivano: 12 pt.",
        "severity": "error",
        "title": "Veličina osnovnog teksta odstupa",
        "where": "",
      },
      {
        "category": "formatting",
        "detail": "Dominantni prored je 1.00, a očekuje se 1.5.",
        "severity": "error",
        "title": "Prored nije usklađen s profilom",
        "where": "",
      },
      {
        "category": "formatting",
        "detail": "Odabrani profil očekuje obostrano poravnanje odlomaka.",
        "severity": "warning",
        "title": "Osnovni tekst nije dominantno obostrano poravnat",
        "where": "",
      },
      {
        "category": "structure",
        "detail": "Dodaj automatski sadržaj u Wordu i ažuriraj ga prije predaje.",
        "severity": "error",
        "title": "Nije pronađen sadržaj",
        "where": "",
      },
      {
        "category": "structure",
        "detail": "Provjeri zaglavlja i podnožja te umetni Word PAGE polje.",
        "severity": "error",
        "title": "Nisu pronađeni automatski brojevi stranica",
        "where": "",
      },
      {
        "category": "structure",
        "detail": "Aktualne FPZG upute traže rimske brojeve na prednjim stranicama i arapske brojeve od prve stranice Uvoda, počevši od 1. U starijem prihvaćenom radu pronađena je arapska numeracija prednjih stranica, ali taj presedan ne mijenja službeno pravilo.",
        "severity": "warning",
        "title": "Provjeri rimsku i arapsku numeraciju",
        "where": "Sekcije dokumenta",
      },
      {
        "category": "structure",
        "detail": "Nedostaje ili nije jasno naslovljeno: conclusion, refs.",
        "severity": "warning",
        "title": "Nisu prepoznati svi osnovni dijelovi rada",
        "where": "",
      },
      {
        "category": "structure",
        "detail": "sadržaj, zaključak, literatura, sažetak / abstract, ključne riječi / keywords",
        "severity": "warning",
        "title": "Nedostaju mogući obvezni dijelovi verificiranog profila",
        "where": "Struktura rada",
      },
      {
        "category": "structure",
        "detail": "Broj je izračunat prema pravilima odabranog profila koliko je moguće iz strukture DOCX-a. U Wordu dodatno potvrdi Word Count i granice dijelova rada.",
        "severity": "warning",
        "title": "Broj riječi je izvan raspona odabranog profila",
        "where": "Opseg rada",
      },
      {
        "category": "structure",
        "detail": "Uvod je preporučeno ograničiti na približno 10%, a Zaključak na približno 5-10% ukupnog teksta. Automatska procjena ovisi o pravilnim Heading stilovima.",
        "severity": "warning",
        "title": "Omjer Uvoda ili Zaključka odstupa od FPZG smjernice",
        "where": "Struktura rada",
      },
      {
        "category": "structure",
        "detail": "Nisu pouzdano prepoznati: Sveučilište u Zagrebu, Fakultet političkih znanosti, Zagreb i godina, vrsta rada. Vizualni raspored treba provjeriti ručno prema predlošku.",
        "severity": "warning",
        "title": "Naslovna stranica možda nije potpuna",
        "where": "Prva stranica",
      },
      {
        "category": "citations",
        "detail": "Dokument možda nema citatnica ili zapis odstupa od očekivanog obrasca. Provjeri ručno.",
        "severity": "info",
        "title": "Nisu prepoznate autor-godina citatnice",
        "where": "",
      },
    ],
    "profile": "FPZG · prijediplomska Politologija · završni rad",
    "profileFingerprint": null,
    "profileStatus": "verified",
    "score": 66,
    "stats": {
      "characters": 255,
      "citations": 0,
      "dominantFont": "Calibri",
      "dominantFootnoteFont": null,
      "dominantFootnoteSize": null,
      "dominantFootnoteSpacing": null,
      "dominantSize": "11",
      "dominantSpacing": "1",
      "footnoteMarkers": 0,
      "footnoteWords": 0,
      "footnotes": 0,
      "headings": 1,
      "images": 0,
      "officialChars": null,
      "officialWords": 34,
      "paragraphs": 3,
      "references": 0,
      "sections": 1,
      "storedPages": null,
      "tables": 0,
      "tocEntries": 0,
      "words": 35,
    },
  },
  "ttf-diplomski-arial.docx": {
    "checks": [
      {
        "category": "formatting",
        "detail": "Arial (100% analiziranog teksta)",
        "earned": 8,
        "max": 8,
        "status": "pass",
        "title": "Dominantni font",
      },
      {
        "category": "formatting",
        "detail": "12 pt",
        "earned": 6,
        "max": 6,
        "status": "pass",
        "title": "Veličina osnovnog teksta",
      },
      {
        "category": "formatting",
        "detail": "1.50",
        "earned": 6,
        "max": 6,
        "status": "pass",
        "title": "Prored osnovnog teksta",
      },
      {
        "category": "formatting",
        "detail": "Sve 1 sekcije približno odgovaraju profilu",
        "earned": 6,
        "max": 6,
        "status": "pass",
        "title": "Margine dokumenta",
      },
      {
        "category": "formatting",
        "detail": "both",
        "earned": 4,
        "max": 4,
        "status": "pass",
        "title": "Poravnanje osnovnog teksta",
      },
      {
        "category": "structure",
        "detail": "6 naslova prepoznato",
        "earned": 6,
        "max": 6,
        "status": "pass",
        "title": "Hijerarhija naslova",
      },
      {
        "category": "structure",
        "detail": "Sadržaj ili TOC polje je pronađeno",
        "earned": 5,
        "max": 5,
        "status": "pass",
        "title": "Sadržaj dokumenta",
      },
      {
        "category": "structure",
        "detail": "PAGE polje nije pronađeno",
        "earned": 0,
        "max": 4,
        "status": "pass",
        "title": "Brojevi stranica",
      },
      {
        "category": "structure",
        "detail": "Uvod, zaključak i literatura su prepoznati",
        "earned": 6,
        "max": 6,
        "status": "pass",
        "title": "Osnovni dijelovi rada",
      },
      {
        "category": "structure",
        "detail": "Prepoznati su svi automatizirano provjerljivi dijelovi profila",
        "earned": 7,
        "max": 7,
        "status": "pass",
        "title": "Dijelovi verificiranog profila",
      },
      {
        "category": "structure",
        "detail": "Nisu pronađeni očiti ručno oblikovani naslovi",
        "earned": 4,
        "max": 4,
        "status": "pass",
        "title": "Uporaba Word stilova naslova",
      },
      {
        "category": "citations",
        "detail": "FPZG autor-godina: ručna završna provjera potrebna",
        "earned": 3,
        "max": 3,
        "status": "warn",
        "title": "Automatizacija citatnog stila",
      },
      {
        "category": "citations",
        "detail": "Nisu pronađeni očito nepotpuni zapisi",
        "earned": 5,
        "max": 5,
        "status": "pass",
        "title": "Potpunost bibliografskih zapisa",
      },
      {
        "category": "citations",
        "detail": "Odabrani profil ne zahtijeva datum pristupa za svaki URL",
        "earned": 5,
        "max": 5,
        "status": "pass",
        "title": "Datumi pristupa mrežnim izvorima",
      },
      {
        "category": "elements",
        "detail": "0 tablica · 0 prepoznatih naslova",
        "earned": 5,
        "max": 5,
        "status": "pass",
        "title": "Naslovi tablica",
      },
      {
        "category": "elements",
        "detail": "0 grafičkih elemenata · 0 prepoznatih naslova",
        "earned": 5,
        "max": 5,
        "status": "pass",
        "title": "Naslovi slika i grafikona",
      },
      {
        "category": "elements",
        "detail": "Nisu pronađene očito neispravne poveznice",
        "earned": 3,
        "max": 3,
        "status": "pass",
        "title": "Oblik poveznica",
      },
      {
        "category": "elements",
        "detail": "Informativno: ne ulazi u službenu ocjenu. 0 praznih odlomaka (0%)",
        "earned": 0,
        "max": 0,
        "status": "pass",
        "title": "Prazni odlomci",
      },
      {
        "category": "typography",
        "detail": "Informativno: ne ulazi u službenu ocjenu. 0 nalaza, 0 sigurnih, 0 traže potvrdu",
        "earned": 0,
        "max": 0,
        "status": "pass",
        "title": "Tehničko-tipografska dosljednost",
      },
    ],
    "issues": [
      {
        "category": "structure",
        "detail": null,
        "severity": "info",
        "title": "Službene tehničke provjere",
        "where": "Odabrani profil",
      },
      {
        "category": "citations",
        "detail": "Za stil FPZG autor-godina citatnice i literaturu treba dodatno ručno pregledati.",
        "severity": "info",
        "title": "Odabrani citatni stil nije u potpunosti automatiziran",
        "where": "Citatni profil",
      },
      {
        "category": "structure",
        "detail": "Provjeri zaglavlja i podnožja te umetni Word PAGE polje.",
        "severity": "error",
        "title": "Nisu pronađeni automatski brojevi stranica",
        "where": "",
      },
    ],
    "profile": "Tekstilno-tehnološki fakultet, diplomski rad",
    "profileFingerprint": null,
    "profileStatus": "partial",
    "score": 95,
    "stats": {
      "characters": 53267,
      "citations": 0,
      "dominantFont": "Arial",
      "dominantFootnoteFont": null,
      "dominantFootnoteSize": null,
      "dominantFootnoteSpacing": null,
      "dominantSize": "12",
      "dominantSpacing": "1.5",
      "footnoteMarkers": 0,
      "footnoteWords": 0,
      "footnotes": 0,
      "headings": 6,
      "images": 0,
      "officialChars": null,
      "officialWords": null,
      "paragraphs": 143,
      "references": 1,
      "sections": 1,
      "storedPages": null,
      "tables": 0,
      "tocEntries": 0,
      "words": 8070,
    },
  },
}
`;
